error: no extended information for error code: `E0001`
