calypso-internal 
Commands used for debugging Calypso's internals and implementation

USAGE:
    calypso internal <SUBCOMMAND>

OPTIONS:
    -h, --help    Print help information

SUBCOMMANDS:
    build-info    Show information about the environment where this executable was built
                      [aliases: bi, buildinfo]
    help          Print this message or the help of the given subcommand(s)
    panic         Intentionally panic in order to test out handling of ICEs (internal compiler
                      errors)
    unpretty      Run analyses on Calypso source files and return the result in an "unpretty"
                      format, e.g. AST (abstract syntax tree) or token list [aliases: up]
